[Thu May 28 01:11:37 PM UTC 2026] APPROVING PACKAGE: debsums
[Thu May 28 01:11:37 PM UTC 2026] COMPLETED: debsums
[Thu May 28 01:17:45 PM UTC 2026] APPROVING PACKAGE: debsums
[Thu May 28 01:17:45 PM UTC 2026] COMPLETED: debsums
[Thu May 28 02:49:52 PM UTC 2026] APPROVING PACKAGE: debsums
[Thu May 28 02:49:52 PM UTC 2026] COMPLETED: debsums
[Thu May 28 04:59:57 PM UTC 2026] APPROVING PACKAGE: debsums
[Thu May 28 04:59:57 PM UTC 2026] COMPLETED: debsums
[Thu May 28 05:06:55 PM UTC 2026] APPROVING PACKAGE: debsums
[Thu May 28 05:06:55 PM UTC 2026] COMPLETED: debsums
[Thu May 28 05:23:22 PM UTC 2026] APPROVED PACKAGE: debsums
[Thu May 28 05:48:42 PM UTC 2026] APPROVED PACKAGE: debsums
[Thu May 28 06:35:01 PM UTC 2026] APPROVED PACKAGE: fwupd
[Thu May 28 06:40:08 PM UTC 2026] APPROVED PACKAGE: fwupd
[Thu May 28 06:42:51 PM UTC 2026] APPROVED: /usr/bin/fwupdmgr
[Thu May 28 06:43:08 PM UTC 2026] APPROVED: /usr/bin/dbxtool
[Thu May 28 06:43:17 PM UTC 2026] APPROVED: /usr/bin/dfu-tool
[Thu May 28 06:43:33 PM UTC 2026] APPROVED: /usr/bin/fwupdate
[Thu May 28 06:43:59 PM UTC 2026] APPROVED: /usr/bin/fwupdtool
[Thu May 28 06:44:39 PM UTC 2026] APPROVED: /usr/bin/fwupdtool
[Thu May 28 06:50:26 PM UTC 2026] APPROVED: /usr/bin/fwupdmgr
[Thu May 28 06:50:38 PM UTC 2026] APPROVED: /usr/bin/dbxtool
[Thu May 28 06:50:44 PM UTC 2026] APPROVED: /usr/bin/dfu-tool
[Thu May 28 06:50:52 PM UTC 2026] APPROVED: /usr/bin/fwupdate
[Thu May 28 06:51:02 PM UTC 2026] APPROVED: /usr/bin/fwupdtool
